aarobber = Andrew Robberts <aarobber@users.sourceforge.net>
ab031ns = Andreas Kobara <ab031ns@users.sourceforge.net>
acraig = Andrew Craig <acraig@paqrat.com>
alexp = Alex Pfaffe <ddg@oz.net>
alexpf = Alex Pfaffe <ddg@oz.net>
allcolor = Quentin Anciaux <allcolor@users.sourceforge.net>
alquarra = Charles Al' Quarra <charsquarra@hotmail.com>
anarazel = Andres Freund <andres@anarazel.de>
andreibarsan = Andrei Bârsan <andreibarsan@users.sourceforge.net>
andy = Andrey Zabolotnyi <bit@eltech.ru>
andydude = Andrew Robbins <andydude@users.sourceforge.net>
andyz = Andrey Zabolotnyi <bit@eltech.ru>
angelbob = Noah L. Gibbs <angelbob@users.sourceforge.net>
artdodge = Adam Bradley <artdodge@cs.bu.edu>
aryhann = Arianna Benigno <aryhann@users.sourceforge.net>
ate = Toni Asco Gonzalez <e3445510@@est.fib.upc.es>
avacore = avacore <avacore@users.sourceforge.net>
avoicu = Alexandru Voicu <avoicu@users.sourceforge.net>
azverkan = Brandon Ehle <azverkan@yahoo.com>
baribal2010 = baribal2010 <baribal2010>
bdavis = Brad Davis <jbdavis@uswest.net>
bgalon_2000 = bgalon <bgalon_2000@localhost>
bluecommand = bluecommand <bluecommand>
boyan = Boyan Hristov <boyan_hristov@newmail.ru>
brandonhamilton = brandonhamilton <brandonhamilton>
bruce = Bruce Williams <brucewil@pacbell.net>
bugcutt = Joe Forte <bugcutt@sourceforge.net>
caedesv = Pablo Martin <caedesv@users.sourceforge.net>
cbayle = Christian Bayle <bayle@aist.enst.fr>
cfraz89 = cfraz89 <cfraz89>
chriskl = Christopher Kings-Lynne <chriskl@users.sourceforge.net>
crystal-manage = CS management scripts <crystal-manage@users.sourceforge.net>
dan = Dan Bogdanov <dan@localhost>
dannyblue = dannyblue <dannyblue>
darekdawidowski = Dariusz Dawidowski <darekdawidowski@users.sourceforge.net>
dasbell = David Asbell <dasbell@users.sourceforge.net>
dave-g = dave-g <dave-g>
ddurant = David Durant <ddurant@novametrix.com>
deathatsight = Ryan Surkamp <deathatsight@yahoo.com>
dentoid = Anders Stenberg <dentoid@users.sourceforge.net>
Dentoid = Anders Stenberg <dentoid@users.sourceforge.net>
designa = Andrew Topp <talmakion@yahoo.com.au>
dfg = Daniel Fannar Gudbjartsson <dfg@decode.is>
dfryer = Daniel Fryer <dfryer@uvic.ca>
dingobloo = Ross Brack <dingobloo@users.sourceforge.net>
Dingobloo = Ross Brack <dingobloo@users.sourceforge.net>
dominikseifert = dominikseifert <dominikseifert>
dthoroughgood = dthoroughgood <dthoroughgood>
duhprey = Daniel Duhprey <duhprey@yahoo.com>
eduardorp = eduardorp <eduardorp>
elricho = Richard Uren <richard@starport.net>
elscouta = Remi Bonnet <elscouta@users.sourceforge.net>
ericvought = Eric Vought <ericvought@users.sourceforge.net>
erluk = Lukas Erlinghagen <erluk@users.sourceforge.net>
erroroman = Erroroman <erroroman@users.sourceforge.net>
felfert = Fritz Elfert <fritz.elfert@millenux.com>
fletcher = Desmond Fletcher <desmond.fletcher@usm.edu>
fletch = Dave Fletcher <fletch@users.sourceforge.net>
fossifoo = Christopher Mewes <fossifoo@users.sourceforge.net>
FossiFoo = Christopher Mewes <fossifoo@users.sourceforge.net>
frumpel = Rudolf Potucek <frumpel@users.sourceforge.net>
funkiedamouse = David Bronke <funkiedamouse@users.sourceforge.net>
futuredib = futuredib <futuredib>
ganamide = Chris Matuszewski <ganamide@yahoo.com>
gblock = Gregory Block <gblock@ctoforaday.com>
genjix = Amir Taaki <genjix@users.sourceforge.net>
ghaussmann = Gary Haussmann <g.haussmann@worldnet.att.net>
glh3586 = glh3586 <glh3586>
groto = Anthony Legrand <groto@users.sourceforge.net>
groton = Luca Cappa <groton@gmx.net>
gsteenss = Gert Steenssens <gsteenss@eps.agfa.be>
hangman = Philipp Aumayr <phueppl@gmx.at>
haussman = Gary Haussmann <g.haussmann@worldnet.att.net>
holomorph = holomorph <holomorph>
iavramov = Ivan Avramovic <iavramov@ibm.net>
iplayfast = iplayfast <iplayfast@localhost>
j5t = Justin Miller <j5t@gmx.net>
jacereda = Jorge Acereda <al004046@anubis.uji.es>
jamesthom = James Thompson <jamesthom@users.sourceforge.net>
jasegler = Jerry A Segler Jr <jasegler@localhost>
jbit = jbit <jbit@localhost>
jcore = Chris Forno <jcore@users.sourceforge.net>
jharger = John Harger <john_h@selectpath.com>
johnydog = Jan Dvorak <johnydog@go.cz>
jorrit = Jorrit Tyberghein <jorrit.tyberghein@gmail.com>
jplatt = Jason Platt <jplatt@localhost>
jtarbox = Jonathan Tarbox <jtarbox@sbcglobal.net>
jwir3 = Scott Johnson <jwir3@users.sourceforge.net>
karseny = Kapoulkine Arseny <karseny@users.sourceforge.net>
khakilord = Andy Dai <khakilord@users.sourceforge.net>
Khakilord = Andy Dai <khakilord@users.sourceforge.net>
KhakiLord = Andy Dai <khakilord@users.sourceforge.net>
khaosklaus = khaosklaus <khaosklaus>
kickvb = Christian Van Brussel <kickvb@users.sourceforge.net>
kiolakin = Timothy Whitfield <kiolakin@yahoo.com>
kirchdorfer = Pascal Kirchdorfer <kirchdorfer@users.sourceforge.net>
Krajcevski = Krajcevski <Krajcevski>
kxd = kxd <kxd>
lazy_puba = lazy_puba <lazy_puba@localhost>
leonardord = leonardord <leonardord>
link = link <link@localhost>
loth = Burton Radonsxi <loth@pacificcoast.net>
lpancallo = Luca Pancallo <lpancallo@ptc.com>
luluathena = luluathena <luluathena>
magodra = Anders Reggestad <anders@pvv.ntnu.no>
malakai = Frank O'Connors <frank@oconnors.org>
martinantony = martinantony <martinantony>
matzebraun = Matze Braun <matze@braunis.de>
mbond = Mike Bond <mbond@cox.rr.com>
mdmkolbe = Michael D. Adams <mdmkolbe@gmail.com>
mewert = Michael Ewert <mewert99@yahoo.com>
mgeisse = Martin Geisse <mgeisse@gmx.net>
mgist = Mike Gist <xordan@gmail.com>
micahjd = Micah Dowty <micah@navi.picogui.org>
mikeday = mikeday <mikeday>
miklby = Michael Voase <mvoase@midcoast.com.au>
mlong = Michael Dale Long <mlong@custom.net>
mohittaneja = Mohit Taneja <mohittaneja@users.sourceforge.net>
mreda = Matt Reda <mreda@mac.com>
mrsigma = Denis Dmitriev <mrsigma@home.com>
naman22 = naman22 <naman22>
narethi = narethi <narethi>
nes1209 = nes1209 <nes1209>
neverjade = Christopher Nelson <paradox@bbhc.org>
nilspin = nilspin <nilspin>
nmosafi = Neil Mosafi <nmosafi@gmail.com>
no-author = no-author <no-author@users.sourceforge.net>
noote = Nathaniel Saint Martin <noote@bigfoot.com>
norman = Norman Krämer <norman@users.sourceforge.net>
obi666 = Piotr Obrzut <obi666@users.sourceforge.net>
okt = Mathew Sutcliffe <oktal@users.sourceforge.net>
old_belge = Steven Geens <old_belge@hotmail.com>
olliebrown = olliebrown <olliebrown>
panther88 = panther88 <panther88>
pedrosouza = pedrosouza <pedrosouza>
pgarceau = Paul Garceau <pgarceau@teleport.com>
philwyett = Philip Wyett <philswyett@gmx.co.uk>
pinniped = pinniped <pinniped>
ralphcampbell = ralphcampbell <ralphcampbell>
rbate = Robert Bate <rbate@mac.com>
rds = Richard D. Shank <rdscrystalspace@rhinogames.com>
rean = Aren Blondahl <rean@pathcom.ca>
redeye_team = redeye_team <redeye_team@localhost>
reed = Reed Hedges <reed@zerohour.net>
renej_frog = Rene Jager <renej.frog@yucom.be>
res2002 = Frank Richter <res@crystalspace3d.org>
rhad = Andrew Mann <amann@tccgi.com>
rlydontknow = rlydontknow <rlydontknow@users.sourceforge.net>
RlyDontKnow = rlydontknow <rlydontknow@users.sourceforge.net>
ronsaldo = ronsaldo <ronsaldo>
rvl_ = rvl_ <rvl_@localhost>
samuel = Samuel Humphreys <samuelh@ntlworld.com>
santisan = santisan <santisan>
serplord = Seth Galbraith <sgalbrai@linknet.kitsap.lib.wa.us>
shor = Siu-Hang <shor@cse.cuhk.edu.hk>
simonb = Simon Boily <personcountzero@hotmail.com>
sirgolan = Mike Handverger <sirgolan@users.sourceforge.net>
smd501 = smd501 <smd501>
snaar = Serguei Narojnyi <snaar@idirect.ca>
soumitra1993 = soumitra1993 <soumitra1993>
squeeself = squeeself <squeeself@localhost>
stechz = Benjamin Stover <stechz@users.sourceforge.net>
steelstyle = steelstyle <steelstyle>
stepik777 = stepik777 <stepik777>
sueastside = Jelle Hellemans <sueastside@users.sourceforge.net>
sunshine = Eric Sunshine <sunshine@sunshineco.com>
swedishcoder = Dan Härdfeldt <swedishcoder@users.sourceforge.net>
syastrov = Seth Yastrov <syastrov@users.sourceforge.net>
tay-ron = tay-ron <tay-ron>
tetron = Peter Amstutz <tetron@student.umass.edu>
thebolt00 = Marten Svanfeldt <developer@svanfeldt.com>
thieber = Thomas Hieber <thieber@gmx.net>
thomash = Thomas H. Hendrick <thomas@users.sourceforge.net>
tomriemer = Thomas Riemer <triemer@apt4g.a3nyc.com>
tomsah = tomsah <tomsah>
toxe = Tobias Brueckner <tobias.brueckner@gmx.net>
trailcode = Matthew Tang <mltang@carbon.cudenver.edu>
travis_mcintosh = Travis McIntosh <Travis.McIntosh@student.oc.edu>
triggerzone = Mark Sanders <mark@cyanox.nl>
troy_chard = Troy Chard <troy.chard@shaw.ca>
tulebast = Bart Boatwright <tulebast@users.sourceforge.net>
uid20593 = uid20593 <uid20593@users.sourceforge.net>
uid20594 = Eric Sunshine <sunshine@sunshineco.com>
uid23444 = uid23444 <uid23444@users.sourceforge.net>
uid30344 = Jorrit Tyberghein <jorrit.tyberghein@gmail.com>
uid92959 = uid92959 <uid92959@users.sourceforge.net>
varslot = Trond Varslot <varslot@users.sourceforge.net>
vengeance2001 = Keith Fulton <keith@paqrat.com>
vknecht = Vincent Knecht <vince@iefr.ath.cx>
weltall2 = Stefano Angeleri <weltall2@users.sourceforge.net>
wmiler = Wyatt Miler <wmiler@nyx.net>
wouter = Wouter Wijngaards <wouter@users.sourceforge.net>
zeitherr = Don Mac <zeitherr@users.sourceforge.net>
Zeitherr = Don Mac <zeitherr@users.sourceforge.net>
