aarobber = Andrew Robberts <aarobber@users.sourceforge.net>
ab031ns = Andreas Kobara <ab031ns@users.sourceforge.net>
acraig = Andrew Craig <acraig@paqrat.com>
alexp = Alex Pfaffe <ddg@oz.net>
alexpf = Alex Pfaffe <ddg@oz.net>
allcolor = Quentin Anciaux <allcolor@users.sourceforge.net>
alquarra = Charles Al' Quarra <charsquarra@hotmail.com>
anarazel = Andres Freund <andres@anarazel.de>
andreibarsan = Andrei Bârsan <andreibarsan@users.sourceforge.net>
andy = Andrey Zabolotnyi <bit@eltech.ru>
andydude = Andrew Robbins <andydude@users.sourceforge.net>
andyz = Andrey Zabolotnyi <bit@eltech.ru>
angelbob = Noah L. Gibbs <angelbob@users.sourceforge.net>
artdodge = Adam Bradley <artdodge@cs.bu.edu>
aryhann = Arianna Benigno <aryhann@users.sourceforge.net>
ate = Toni Asco Gonzalez <e3445510@@est.fib.upc.es>
avacore = avacore <avacore@users.sourceforge.net>
avoicu = Alexandru Voicu <avoicu@users.sourceforge.net>
azverkan = Brandon Ehle <azverkan@yahoo.com>
baribal2010 = baribal2010 <baribal2010>
bdavis = Brad Davis <jbdavis@uswest.net>
bgalon_2000 = bgalon_2000 <bgalon_2000>
bluecommand = bluecommand <bluecommand>
boyan = boyan <boyan>
brandonhamilton = brandonhamilton <brandonhamilton>
bruce = Bruce Williams <brucewil@pacbell.net>
bugcutt = bugcutt <bugcutt>
caedesv = caedesv <caedesv>
cbayle = cbayle <cbayle>
cfraz89 = cfraz89 <cfraz89>
chriskl = chriskl <chriskl>
crystal-manage = CS management scripts <crystal-manage@users.sourceforge.net>
dan = Dan Bogdanov <dan@localhost>
dannyblue = dannyblue <dannyblue>
darekdawidowski = darekdawidowski <darekdawidowski>
dasbell = dasbell <dasbell>
dave-g = dave-g <dave-g>
ddurant = David Durant <ddurant@novametrix.com>
deathatsight = deathatsight <deathatsight>
dentoid = dentoid <dentoid>
Dentoid = Dentoid <Dentoid>
designa = designa <designa>
dfg = Daniel Fannar Gudbjartsson <dfg@decode.is>
dfryer = dfryer <dfryer>
dingobloo = dingobloo <dingobloo>
Dingobloo = Dingobloo <Dingobloo>
dominikseifert = dominikseifert <dominikseifert>
dthoroughgood = dthoroughgood <dthoroughgood>
duhprey = Daniel Duhprey <duhprey@yahoo.com>
eduardorp = eduardorp <eduardorp>
elricho = elricho <elricho>
elscouta = elscouta <elscouta>
ericvought = ericvought <ericvought>
erluk = erluk <erluk>
erroroman = erroroman <erroroman>
felfert = felfert <felfert>
fletcher = Desmond Fletcher <desmond.fletcher@usm.edu>
fletch = fletch <fletch>
fossifoo = fossifoo <fossifoo>
FossiFoo = FossiFoo <FossiFoo>
frumpel = frumpel <frumpel>
funkiedamouse = funkiedamouse <funkiedamouse>
futuredib = futuredib <futuredib>
ganamide = ganamide <ganamide>
gblock = gblock <gblock>
genjix = genjix <genjix>
ghaussmann = Gary Haussmann <g.haussmann@worldnet.att.net>
glh3586 = glh3586 <glh3586>
groto = groto <groto>
groton = Luca Cappa <groton@gmx.net>
gsteenss = Gert Steenssens <gsteenss@eps.agfa.be>
hangman = hangman <hangman>
haussman = Gary Haussmann <g.haussmann@worldnet.att.net>
holomorph = holomorph <holomorph>
iavramov = Ivan Avramovic <iavramov@ibm.net>
iplayfast = iplayfast <iplayfast@localhost>
j5t = j5t <j5t>
jacereda = Jorge Acereda <al004046@anubis.uji.es>
jamesthom = jamesthom <jamesthom>
jasegler = Jerry A Segler Jr <jasegler@localhost>
jbit = jbit <jbit@localhost>
jcore = jcore <jcore>
jharger = jharger <jharger>
johnydog = Jan Dvorak <johnydog@go.cz>
jorrit = Jorrit Tyberghein <jorrit.tyberghein@gmail.com>
jplatt = Jason Platt <jplatt@localhost>
jtarbox = jtarbox <jtarbox>
jwir3 = jwir3 <jwir3>
karseny = karseny <karseny>
khakilord = khakilord <khakilord>
Khakilord = Khakilord <Khakilord>
KhakiLord = KhakiLord <KhakiLord>
khaosklaus = khaosklaus <khaosklaus>
kickvb = kickvb <kickvb>
kiolakin = kiolakin <kiolakin>
kirchdorfer = kirchdorfer <kirchdorfer>
Krajcevski = Krajcevski <Krajcevski>
kxd = kxd <kxd>
lazy_puba = lazy_puba <lazy_puba>
leonardord = leonardord <leonardord>
link = link <link@localhost>
loth = Burton Radonsxi <loth@pacificcoast.net>
lpancallo = lpancallo <lpancallo>
luluathena = luluathena <luluathena>
magodra = magodra <magodra>
malakai = Frank O'Connors <frank@oconnors.org>
martinantony = martinantony <martinantony>
matzebraun = Matze Braun <matze@braunis.de>
mbond = Mike Bond <mbond@cox.rr.com>
mdmkolbe = mdmkolbe <mdmkolbe>
mewert = Michael Ewert <mewert99@yahoo.com>
mgeisse = Martin Geisse <mgeisse@gmx.net>
mgist = mgist <mgist>
micahjd = micahjd <micahjd>
mikeday = mikeday <mikeday>
miklby = Michael Voase <mvoase@midcoast.com.au>
mlong = Michael Dale Long <mlong@custom.net>
mohittaneja = mohittaneja <mohittaneja>
mreda = mreda <mreda>
mrsigma = Denis Dmitriev <mrsigma@home.com>
naman22 = naman22 <naman22>
narethi = narethi <narethi>
nes1209 = nes1209 <nes1209>
neverjade = Christopher Nelson <paradox@bbhc.org>
nilspin = nilspin <nilspin>
nmosafi = nmosafi <nmosafi>
no-author = no-author <no-author@users.sourceforge.net>
noote = Nathaniel Saint Martin <noote@bigfoot.com>
norman = Norman Krämer <norman@users.sourceforge.net>
obi666 = obi666 <obi666>
okt = okt <okt>
old_belge = old_belge <old_belge>
olliebrown = olliebrown <olliebrown>
panther88 = panther88 <panther88>
pedrosouza = pedrosouza <pedrosouza>
pgarceau = Paul Garceau <pgarceau@teleport.com>
philwyett = Philip Wyett <philswyett@gmx.co.uk>
pinniped = pinniped <pinniped>
ralphcampbell = ralphcampbell <ralphcampbell>
rbate = Robert Bate <rbate@mac.com>
rds = Richard D. Shank <rdscrystalspace@rhinogames.com>
rean = rean <rean>
redeye_team = redeye_team <redeye_team>
reed = reed <reed>
renej_frog = renej_frog <renej_frog>
res2002 = Frank Richter <res@crystalspace3d.org>
rhad = rhad <rhad>
rlydontknow = rlydontknow <rlydontknow>
RlyDontKnow = RlyDontKnow <RlyDontKnow>
ronsaldo = ronsaldo <ronsaldo>
rvl_ = rvl_ <rvl_>
samuel = Samuel Humphreys <samuelh@ntlworld.com>
santisan = santisan <santisan>
serplord = Seth Galbraith <sgalbrai@linknet.kitsap.lib.wa.us>
shor = Siu-Hang <shor@cse.cuhk.edu.hk>
simonb = Simon Boily <personcountzero@hotmail.com>
sirgolan = sirgolan <sirgolan>
smd501 = smd501 <smd501>
snaar = Serguei Narojnyi <snaar@idirect.ca>
soumitra1993 = soumitra1993 <soumitra1993>
squeeself = squeeself <squeeself>
stechz = stechz <stechz>
steelstyle = steelstyle <steelstyle>
stepik777 = stepik777 <stepik777>
sueastside = sueastside <sueastside>
sunshine = Eric Sunshine <sunshine@sunshineco.com>
swedishcoder = swedishcoder <swedishcoder>
syastrov = syastrov <syastrov>
tay-ron = tay-ron <tay-ron>
tetron = tetron <tetron>
thebolt00 = Marten Svanfeldt <developer@svanfeldt.com>
thieber = Thomas Hieber <thieber@gmx.net>
thomash = thomash <thomash>
tomriemer = Thomas Riemer <triemer@apt4g.a3nyc.com>
tomsah = tomsah <tomsah>
toxe = toxe <toxe>
trailcode = Matthew Tang <mltang@carbon.cudenver.edu>
travis_mcintosh = Travis McIntosh <Travis.McIntosh@student.oc.edu>
triggerzone = triggerzone <triggerzone>
troy_chard = troy_chard <troy_chard>
tulebast = tulebast <tulebast>
uid20593 = uid20593 <uid20593@users.sourceforge.net>
uid20594 = Eric Sunshine <sunshine@sunshineco.com>
uid23444 = uid23444 <uid23444@users.sourceforge.net>
uid30344 = Jorrit Tyberghein <jorrit.tyberghein@gmail.com>
uid92959 = uid92959 <uid92959@users.sourceforge.net>
varslot = varslot <varslot>
vengeance2001 = vengeance2001 <vengeance2001>
vknecht = vknecht <vknecht>
weltall2 = weltall2 <weltall2>
wmiler = Wyatt Miler <wmiler@nyx.net>
wouter = Wouter Wijngaards <wouter@users.sourceforge.net>
zeitherr = zeitherr <zeitherr>
Zeitherr = Zeitherr <Zeitherr>
