aarobber = aarobber <aarobber>
ab031ns = ab031ns <ab031ns>
acraig = acraig <acraig>
alexp = alexp <alexp>
alexpf = alexpf <alexpf>
allcolor = allcolor <allcolor>
alquarra = alquarra <alquarra>
anarazel = anarazel <anarazel>
andreibarsan = andreibarsan <andreibarsan>
andy = andy <andy>
andydude = andydude <andydude>
andyz = andyz <andyz>
angelbob = angelbob <angelbob>
artdodge = artdodge <artdodge>
aryhann = aryhann <aryhann>
ate = ate <ate>
avacore = avacore <avacore>
avoicu = avoicu <avoicu>
azverkan = azverkan <azverkan>
baribal2010 = baribal2010 <baribal2010>
bdavis = bdavis <bdavis>
bgalon_2000 = bgalon_2000 <bgalon_2000>
bluecommand = bluecommand <bluecommand>
boyan = boyan <boyan>
brandonhamilton = brandonhamilton <brandonhamilton>
bruce = bruce <bruce>
bugcutt = bugcutt <bugcutt>
caedesv = caedesv <caedesv>
cbayle = cbayle <cbayle>
cfraz89 = cfraz89 <cfraz89>
chriskl = chriskl <chriskl>
crystal-manage = crystal-manage <crystal-manage>
dan = dan <dan>
dannyblue = dannyblue <dannyblue>
darekdawidowski = darekdawidowski <darekdawidowski>
dasbell = dasbell <dasbell>
dave-g = dave-g <dave-g>
ddurant = ddurant <ddurant>
deathatsight = deathatsight <deathatsight>
dentoid = dentoid <dentoid>
Dentoid = Dentoid <Dentoid>
designa = designa <designa>
dfg = dfg <dfg>
dfryer = dfryer <dfryer>
dingobloo = dingobloo <dingobloo>
Dingobloo = Dingobloo <Dingobloo>
dominikseifert = dominikseifert <dominikseifert>
dthoroughgood = dthoroughgood <dthoroughgood>
duhprey = duhprey <duhprey>
eduardorp = eduardorp <eduardorp>
elricho = elricho <elricho>
elscouta = elscouta <elscouta>
ericvought = ericvought <ericvought>
erluk = erluk <erluk>
erroroman = erroroman <erroroman>
felfert = felfert <felfert>
fletcher = fletcher <fletcher>
fletch = fletch <fletch>
fossifoo = fossifoo <fossifoo>
FossiFoo = FossiFoo <FossiFoo>
frumpel = frumpel <frumpel>
funkiedamouse = funkiedamouse <funkiedamouse>
futuredib = futuredib <futuredib>
ganamide = ganamide <ganamide>
gblock = gblock <gblock>
genjix = genjix <genjix>
ghaussmann = ghaussmann <ghaussmann>
glh3586 = glh3586 <glh3586>
groto = groto <groto>
groton = groton <groton>
gsteenss = gsteenss <gsteenss>
hangman = hangman <hangman>
haussman = haussman <haussman>
holomorph = holomorph <holomorph>
iavramov = iavramov <iavramov>
iplayfast = iplayfast <iplayfast>
j5t = j5t <j5t>
jacereda = jacereda <jacereda>
jamesthom = jamesthom <jamesthom>
jasegler = jasegler <jasegler>
jbit = jbit <jbit>
jcore = jcore <jcore>
jharger = jharger <jharger>
johnydog = johnydog <johnydog>
jorrit = jorrit <jorrit>
jplatt = jplatt <jplatt>
jtarbox = jtarbox <jtarbox>
jwir3 = jwir3 <jwir3>
karseny = karseny <karseny>
khakilord = khakilord <khakilord>
Khakilord = Khakilord <Khakilord>
KhakiLord = KhakiLord <KhakiLord>
khaosklaus = khaosklaus <khaosklaus>
kickvb = kickvb <kickvb>
kiolakin = kiolakin <kiolakin>
kirchdorfer = kirchdorfer <kirchdorfer>
Krajcevski = Krajcevski <Krajcevski>
kxd = kxd <kxd>
lazy_puba = lazy_puba <lazy_puba>
leonardord = leonardord <leonardord>
link = link <link>
loth = loth <loth>
lpancallo = lpancallo <lpancallo>
luluathena = luluathena <luluathena>
magodra = magodra <magodra>
malakai = malakai <malakai>
martinantony = martinantony <martinantony>
matzebraun = matzebraun <matzebraun>
mbond = mbond <mbond>
mdmkolbe = mdmkolbe <mdmkolbe>
mewert = mewert <mewert>
mgeisse = mgeisse <mgeisse>
mgist = mgist <mgist>
micahjd = micahjd <micahjd>
mikeday = mikeday <mikeday>
miklby = miklby <miklby>
mlong = mlong <mlong>
mohittaneja = mohittaneja <mohittaneja>
mreda = mreda <mreda>
mrsigma = mrsigma <mrsigma>
naman22 = naman22 <naman22>
narethi = narethi <narethi>
nes1209 = nes1209 <nes1209>
neverjade = neverjade <neverjade>
nilspin = nilspin <nilspin>
nmosafi = nmosafi <nmosafi>
no-author = no-author <no-author>
noote = noote <noote>
norman = norman <norman>
obi666 = obi666 <obi666>
okt = okt <okt>
old_belge = old_belge <old_belge>
olliebrown = olliebrown <olliebrown>
panther88 = panther88 <panther88>
pedrosouza = pedrosouza <pedrosouza>
pgarceau = pgarceau <pgarceau>
philwyett = philwyett <philwyett>
pinniped = pinniped <pinniped>
ralphcampbell = ralphcampbell <ralphcampbell>
rbate = rbate <rbate>
rds = rds <rds>
rean = rean <rean>
redeye_team = redeye_team <redeye_team>
reed = reed <reed>
renej_frog = renej_frog <renej_frog>
res2002 = res2002 <res2002>
rhad = rhad <rhad>
rlydontknow = rlydontknow <rlydontknow>
RlyDontKnow = RlyDontKnow <RlyDontKnow>
ronsaldo = ronsaldo <ronsaldo>
rvl_ = rvl_ <rvl_>
samuel = samuel <samuel>
santisan = santisan <santisan>
serplord = serplord <serplord>
shor = shor <shor>
simonb = simonb <simonb>
sirgolan = sirgolan <sirgolan>
smd501 = smd501 <smd501>
snaar = snaar <snaar>
soumitra1993 = soumitra1993 <soumitra1993>
squeeself = squeeself <squeeself>
stechz = stechz <stechz>
steelstyle = steelstyle <steelstyle>
stepik777 = stepik777 <stepik777>
sueastside = sueastside <sueastside>
sunshine = sunshine <sunshine>
swedishcoder = swedishcoder <swedishcoder>
syastrov = syastrov <syastrov>
tay-ron = tay-ron <tay-ron>
tetron = tetron <tetron>
thebolt00 = thebolt00 <thebolt00>
thieber = thieber <thieber>
thomash = thomash <thomash>
tomriemer = tomriemer <tomriemer>
tomsah = tomsah <tomsah>
toxe = toxe <toxe>
trailcode = trailcode <trailcode>
travis_mcintosh = travis_mcintosh <travis_mcintosh>
triggerzone = triggerzone <triggerzone>
troy_chard = troy_chard <troy_chard>
tulebast = tulebast <tulebast>
uid20593 = uid20593 <uid20593>
uid20594 = uid20594 <uid20594>
uid23444 = uid23444 <uid23444>
uid30344 = uid30344 <uid30344>
uid92959 = uid92959 <uid92959>
varslot = varslot <varslot>
vengeance2001 = vengeance2001 <vengeance2001>
vknecht = vknecht <vknecht>
weltall2 = weltall2 <weltall2>
wmiler = wmiler <wmiler>
wouter = wouter <wouter>
zeitherr = zeitherr <zeitherr>
Zeitherr = Zeitherr <Zeitherr>
